<p>One Two Three <table id="compress_html_profile_20150619" class="compress_html_profile"> <thead> <tr> <td>Step <td>Bytes <tbody> <tr> <td>raw <td>25 <tr> <td>endings <td>22 <tr> <td>comments <td>22 <tr> <td>collapse <td>17 <tr> <td>clippings <td>17 </table>
