<!DOCTYPE html>
<html>
<head>
    <meta charset="utf-8" />
    <title>
        A test of human
        readable compression
    </title>
</head>
<body>
    <ul>
            <li>1</li>
            <li>2</li>
            <li>3</li>
            <li>4</li>
            <li>5</li>
            <li>6</li>
            <li>7</li>
            <li>8</li>
            <li>9</li>
            <li>10</li>
    </ul>
<pre>
	
        These newlines should be kept
        
        See?

    </pre>
<pre>
    
    </pre>
</body>
</html>
