<div>One <b>Two</b> Three</div> <div>Four</div>
<!-- One --><div>Two<!--Three--></div><!-- Four-->
<head>
  <title>One</title>
</head>
<body>
  <p>Two</p>
</body>

<pre>
  
  </pre><pre>
  
</pre>

