<div>One <b>Two</b> Three</div><div>Four</div><div>Two</div><head><title>One</title><body><p>Two</p><pre>
  
  </pre><pre>
  
</pre>
